// Jest Snapshot v1, https://goo.gl/fbAQLP

exports[`Tests on Navbar Should match with snapshot 1`] = `
<nav
  className="navbar navbar-expand-sm navbar-dark bg-dark bg-gradient px-4 mb-4"
>
  <a
    className="navbar-brand"
    href="/"
    onClick={[Function]}
  >
    Asociaciones
  </a>
  <div
    className="navbar-collapse"
  >
    <div
      className="navbar-nav"
    >
      <a
        className="nav-item nav-link "
        href="/marvel"
        onClick={[Function]}
      >
        Marvel
      </a>
      <a
        className="nav-item nav-link "
        href="/dc"
        onClick={[Function]}
      >
        DC
      </a>
      <a
        className="nav-item nav-link "
        href="/search"
        onClick={[Function]}
      >
        Search
      </a>
    </div>
  </div>
  <div
    className="navbar-collapse collapse w-100 order-3 dual-collapse2 d-flex justify-content-end"
  >
    <ul
      className="navbar-nav mr-auto"
    >
      <li
        className="nav-item"
      >
        <button
          className="nav-link btn text-info"
        >
          John Doe
        </button>
      </li>
      <li
        className="nav-item"
      >
        <button
          className="nav-link btn"
          id="logout"
          onClick={[Function]}
        >
          Logout
        </button>
      </li>
    </ul>
  </div>
</nav>
`;
