// Jest Snapshot v1, https://goo.gl/fbAQLP

exports[`Tests on LoginScreen Should match with snapshot 1`] = `
Array [
  <h1
    className="text-center display-1 green mt-4"
  >
    Login Screen
  </h1>,
  <hr />,
  <div
    className="text-center"
  >
    <button
      className="btn btn-outline-primary mt-5"
      onClick={[Function]}
    >
      Login with Google
    </button>
  </div>,
]
`;
